*** Using Compiler 'V5.06 update 5 (build 528)', folder: 'D:\keil 5\ARM\ARMCC\Bin'
Build target 'Target 1'
compiling OLED_Data.c...
Hardware\OLED_Data.c(337): error:  #8: missing closing quote
  	"ï¼?",
Hardware\OLED_Data.c(338): error:  #253: expected a ","
Hardware\OLED_Data.c(341): error:  #8: missing closing quote
  	"ã€?",
Hardware\OLED_Data.c(342): error:  #253: expected a ","
Hardware\OLED_Data.c(345): error:  #8: missing closing quote
  	"ä½?",
Hardware\OLED_Data.c(346): error:  #253: expected a ","
Hardware\OLED_Data.c(349): error:  #8: missing closing quote
  	"å¥?",
Hardware\OLED_Data.c(350): error:  #253: expected a ","
Hardware\OLED_Data.c(353): error:  #8: missing closing quote
  	"ä¸?",
Hardware\OLED_Data.c(354): error:  #253: expected a ","
Hardware\OLED_Data.c(357): error:  #8: missing closing quote
  	"ç•?",
Hardware\OLED_Data.c(358): error:  #253: expected a ","
Hardware\OLED_Data.c(366): error:  #144: a value of type "char *" cannot be used to initialize an entity of type "uint8_t"
  	"",		
Hardware\OLED_Data.c: 0 warnings, 13 errors
compiling MPU6050.c...
Hardware\MPU6050.c(4): error:  #5: cannot open source input file "Delay.h": No such file or directory
  #include "Delay.h"
Hardware\MPU6050.c: 0 warnings, 1 error
".\Objects\project.axf" - 14 Error(s), 0 Warning(s).
Target not created.
Build Time Elapsed:  00:00:01
